2025-01-14 19:46:00 | WARN | repo=course-sys-int-osgi-seminar | action=edit | files=4
2025-08-02 11:13:00 | DEBUG | repo=course-sys-int-osgi-seminar | action=test | passed=true
2025-01-17 14:34:00 | DEBUG | repo=course-sys-int-osgi-seminar | action=commit
2025-11-23 13:17:00 | WARN | repo=course-sys-int-osgi-seminar | action=commit
2025-06-05 20:55:00 | WARN | repo=course-sys-int-osgi-seminar | action=commit
2025-09-22 08:21:00 | WARN | repo=course-sys-int-osgi-seminar | action=test | passed=true
2025-12-06 15:06:00 | DEBUG | repo=course-sys-int-osgi-seminar | action=commit
2025-05-23 10:20:00 | WARN | repo=course-sys-int-osgi-seminar | action=commit
2025-09-15 21:24:00 | INFO | repo=course-sys-int-osgi-seminar | action=commit
2025-06-12 10:04:00 | WARN | repo=course-sys-int-osgi-seminar | action=commit
2025-05-16 20:57:00 | INFO | repo=course-sys-int-osgi-seminar | action=commit
2025-01-25 07:38:00 | INFO | repo=course-sys-int-osgi-seminar | action=pull
2025-02-10 09:02:00 | INFO | repo=course-sys-int-osgi-seminar | action=commit
2025-08-05 08:47:00 | DEBUG | repo=course-sys-int-osgi-seminar | action=commit
2025-06-02 08:44:00 | WARN | repo=course-sys-int-osgi-seminar | action=commit
2025-08-16 19:54:00 | INFO | repo=course-sys-int-osgi-seminar | action=commit
2025-11-24 09:09:00 | WARN | repo=course-sys-int-osgi-seminar | action=commit
2025-04-16 16:39:00 | DEBUG | repo=course-sys-int-osgi-seminar | action=edit | files=5
2025-09-27 12:18:00 | DEBUG | repo=course-sys-int-osgi-seminar | action=commit
2025-06-04 20:54:00 | DEBUG | repo=course-sys-int-osgi-seminar | action=commit
2025-04-13 19:46:00 | INFO | repo=course-sys-int-osgi-seminar | action=pull
2025-09-07 10:06:00 | DEBUG | repo=course-sys-int-osgi-seminar | action=test | passed=true
2025-02-01 21:26:00 | WARN | repo=course-sys-int-osgi-seminar | action=commit
2025-07-07 20:33:00 | WARN | repo=course-sys-int-osgi-seminar | action=commit
